2024-03-01 10:27:18 [INFO] 
 [request_util.py:142]
2024-03-01 10:27:18 [INFO] ---------接口测试开始---------- [request_util.py:143]
2024-03-01 10:27:18 [INFO] 接口请求地址：https://api.weixin.qq.com/cgi-bin/token [request_util.py:144]
2024-03-01 10:27:18 [INFO] 接口请求方式：get [request_util.py:145]
2024-03-01 10:27:18 [INFO] 接口请求参数：{'grant_type': 'client_credential', 'appid': '9705', 'secret': 'e531b9dfc90f4ed8116375132fdb2aa9'} [request_util.py:151]
2024-03-01 10:27:18 [ERROR] 接口返回错误，返回消息：{"errcode":40013,"errmsg":"invalid appid rid: 65e13d06-73415ff0-5439286e"} [request_util.py:196]
2024-03-01 10:27:18 [INFO] ---------接口测试结束---------- [request_util.py:202]
2024-03-01 10:27:18 [INFO] 
 [request_util.py:203]
2024-03-01 10:27:18 [INFO] 
 [request_util.py:142]
2024-03-01 10:27:18 [INFO] ---------接口测试开始---------- [request_util.py:143]
2024-03-01 10:27:18 [INFO] 接口请求地址：https://api.weixin.qq.com/cgi-bin/get_api_domain_ip [request_util.py:144]
2024-03-01 10:27:18 [INFO] 接口请求方式：get [request_util.py:145]
2024-03-01 10:27:18 [INFO] 接口请求参数：{'access_token': '78_G42_1IjdhNS0EwZl_w9SHAiP6Z5vmfiByC0kiMbM-LrWSdhZT7wYnIx4NGh4TJJG4KsPTFVj9gkGQppfXWJj4qUks6BgBfFtP3gcCDo7n2pA5ziDk1RmOzxIjQ0WWVgAAAGGF'} [request_util.py:151]
2024-03-01 10:27:18 [INFO] 接口返回正常，返回消息：{"ip_list":["101.89.47.18","101.91.34.103","101.91.37.13","109.244.129.223","109.244.145.152","109.244.184.250","112.53.42.235","112.60.20.154","112.65.193.153","112.90.80.215","116.128.170.42","116.128.184.169","117.144.228.18","117.144.228.62","119.147.6.203","119.147.6.237","120.232.65.161","120.233.18.202","121.14.23.85","129.226.107.92","157.148.36.94","157.148.58.82","157.255.218.109","162.62.115.186","162.62.115.246","175.27.18.18","175.27.5.221","183.2.143.222","221.181.99.40","43.129.2.204","43.130.8.250","43.130.8.50","43.141.57.197","43.153.236.216","43.153.236.26","43.159.233.227","81.69.216.43"]} [request_util.py:188]
2024-03-01 10:27:18 [INFO] ---------接口测试结束---------- [request_util.py:202]
2024-03-01 10:27:18 [INFO] 
 [request_util.py:203]
2024-03-01 10:27:18 [INFO] 
 [request_util.py:142]
2024-03-01 10:27:18 [INFO] ---------接口测试开始---------- [request_util.py:143]
2024-03-01 10:27:18 [INFO] 接口请求地址：https://api.weixin.qq.com/cgi-bin/customservice/getkflist [request_util.py:144]
2024-03-01 10:27:18 [INFO] 接口请求方式：get [request_util.py:145]
2024-03-01 10:27:18 [INFO] 接口请求参数：{'access_token': '78_G42_1IjdhNS0EwZl_w9SHAiP6Z5vmfiByC0kiMbM-LrWSdhZT7wYnIx4NGh4TJJG4KsPTFVj9gkGQppfXWJj4qUks6BgBfFtP3gcCDo7n2pA5ziDk1RmOzxIjQ0WWVgAAAGGF'} [request_util.py:151]
2024-03-01 10:27:18 [INFO] 接口返回正常，返回消息：{"kf_list":[]} [request_util.py:188]
2024-03-01 10:27:18 [INFO] ---------接口测试结束---------- [request_util.py:202]
2024-03-01 10:27:18 [INFO] 
 [request_util.py:203]
2024-03-01 10:27:18 [INFO] 
 [request_util.py:142]
2024-03-01 10:27:18 [INFO] ---------接口测试开始---------- [request_util.py:143]
2024-03-01 10:27:18 [INFO] 接口请求地址：https://api.weixin.qq.com/cgi-bin/media/uploadimg [request_util.py:144]
2024-03-01 10:27:18 [INFO] 接口请求方式：post [request_util.py:145]
2024-03-01 10:27:18 [INFO] 接口请求参数：{'access_token': '78_G42_1IjdhNS0EwZl_w9SHAiP6Z5vmfiByC0kiMbM-LrWSdhZT7wYnIx4NGh4TJJG4KsPTFVj9gkGQppfXWJj4qUks6BgBfFtP3gcCDo7n2pA5ziDk1RmOzxIjQ0WWVgAAAGGF'} [request_util.py:151]
2024-03-01 10:27:18 [INFO] 接口请求文件：{'media': <_io.BufferedReader name='D:\\backup\\489pm2.jpg'>} [request_util.py:155]
2024-03-01 10:27:19 [INFO] 接口返回正常，返回消息：{"url":"http:\/\/mmbiz.qpic.cn\/sz_mmbiz_jpg\/sy1babVkRRRPib0XWHCyHicDYxX4Ptnft1PribNf32A4gqEdAqBGY4pJMPBLiaglA6mibNs8rQictVOp4vtjtnoergHw\/0"} [request_util.py:188]
2024-03-01 10:27:19 [INFO] ---------接口测试结束---------- [request_util.py:202]
2024-03-01 10:27:19 [INFO] 
 [request_util.py:203]
